I'm sorry, but errors were detected in your script. Please correct the
errors listed below, and try again.


File "game/script.rpy", line 1: expected statement.
    Adefine T = Character("Taro", who_color="#0000FF")
              ^

Ren'Py Version: Ren'Py 7.3.5.606
Thu Aug 27 16:17:52 2020
